Test Case ID: TC_001
Title: Valid Login
Type: Positive
Test Case ID: TC_001
Title: Valid Login
Type: Positive
Test Case ID: TC_001
Title: Valid Login
Type: Positive
